=== E-A4 FULL SWEEP over built NavierStokes modules, Fri Sep 18 20:37:23 UTC 2026 ===
PASS NavierStokes/ActivationBounds.lean
PASS NavierStokes/ActivationCone.lean
PASS NavierStokes/ActivationContinuation.lean
PASS NavierStokes/ActivationHolomorphic.lean
PASS NavierStokes/ActivationStocks.lean
PASS NavierStokes/ActiveAnnulusWeight.lean
PASS NavierStokes/ActualBasePressureBounds.lean
PASS NavierStokes/ActualBaseResidual.lean
PASS NavierStokes/ActualBaseVelocityBounds.lean
PASS NavierStokes/ActualCorrectionModels.lean
PASS NavierStokes/ActualGaussianCoverage.lean
PASS NavierStokes/ActualIterationLedger.lean
PASS NavierStokes/ActualParticularControl.lean
PASS NavierStokes/ActualPeriodizedSignedRealization.lean
PASS NavierStokes/ActualSignedControl.lean
PASS NavierStokes/ActualSignedGeometry.lean
PASS NavierStokes/ActualSignedPhysicalData.lean
PASS NavierStokes/ActualSlowAxis.lean
PASS NavierStokes/AlignedProfileSpectralCone.lean
PASS NavierStokes/AllBandBaseJets.lean
PASS NavierStokes/AnalyticCoefficientBounds.lean
PASS NavierStokes/AnalyticPrimitive.lean
PASS NavierStokes/AngularMomentReset.lean
PASS NavierStokes/AnnularAuxiliary.lean
PASS NavierStokes/AnnularEndpoint.lean
PASS NavierStokes/AppendixHeatResults.lean
PASS NavierStokes/AppendixJoiningResults.lean
PASS NavierStokes/AssembledSlowBase.lean
PASS NavierStokes/AxisAnalyticCoefficients.lean
PASS NavierStokes/AxisAnalyticRadialSeries.lean
PASS NavierStokes/AxisCoefficientSpace.lean
PASS NavierStokes/AxisContraction.lean
PASS NavierStokes/AxisEvaluation.lean
PASS NavierStokes/AxisEvaluationAlgebra.lean
PASS NavierStokes/AxisHolomorphic.lean
PASS NavierStokes/AxisHolomorphicJoint.lean
PASS NavierStokes/AxisInverseFactors.lean
PASS NavierStokes/AxisJointAnalytic.lean
PASS NavierStokes/AxisModelBounds.lean
PASS NavierStokes/AxisOperators.lean
PASS NavierStokes/AxisPreservation.lean
PASS NavierStokes/AxisProfile.lean
PASS NavierStokes/AxisReference.lean
PASS NavierStokes/AxisResolvent.lean
PASS NavierStokes/AxisRootPressureBounds.lean
PASS NavierStokes/AxisSeries.lean
PASS NavierStokes/AxisSourceRegularity.lean
PASS NavierStokes/AxisTailRegularity.lean
PASS NavierStokes/AxisWeightEstimates.lean
PASS NavierStokes/AxisymmetricFields.lean
PASS NavierStokes/AxisymmetricResidual.lean
PASS NavierStokes/AxisymmetricResidualGrouping.lean
PASS NavierStokes/BandReindexedSignedMeanGain.lean
PASS NavierStokes/BaseAngularGrowth.lean
PASS NavierStokes/BaseChartJets.lean
PASS NavierStokes/BaseContextAssembly.lean
PASS NavierStokes/BaseExterior.lean
PASS NavierStokes/BasePhaseGeometry.lean
PASS NavierStokes/BasePrefixIdentity.lean
PASS NavierStokes/BaseRadialJets.lean
PASS NavierStokes/BaseRankPatch.lean
PASS NavierStokes/BaseResidual.lean
PASS NavierStokes/BaseStressClasses.lean
PASS NavierStokes/BlowupImplication.lean
PASS NavierStokes/BorelExtension.lean
PASS NavierStokes/BoundaryAxisJets.lean
PASS NavierStokes/BoundaryCoordinates.lean
PASS NavierStokes/CandidateAssembly.lean
PASS NavierStokes/CandidateConsequences.lean
PASS NavierStokes/CandidateFromLimits.lean
PASS NavierStokes/CartesianCopySource.lean
PASS NavierStokes/CauchyRestriction.lean
PASS NavierStokes/ChartScales.lean
PASS NavierStokes/ClosedIntervalCk.lean
PASS NavierStokes/ClosedIntervalCkOperators.lean
PASS NavierStokes/ClosedIntervalJetAlgebra.lean
PASS NavierStokes/ClosedIntervalMomentRepair.lean
PASS NavierStokes/ClosedNativeWaveIdentities.lean
PASS NavierStokes/CommonBaseContext.lean
PASS NavierStokes/CommonCoverClass.lean
PASS NavierStokes/CommonCoverSolve.lean
PASS NavierStokes/CommonCoverWithin.lean
PASS NavierStokes/CompactForceDecay.lean
PASS NavierStokes/CompactHolomorphicFamily.lean
PASS NavierStokes/CompactSmoothFamily.lean
PASS NavierStokes/CompactSpatialForceDecay.lean
PASS NavierStokes/ComparatorBridge.lean
PASS NavierStokes/ComparatorDefinitions.lean
PASS NavierStokes/ComparatorR3Bridge.lean
PASS NavierStokes/ConeAlgebra.lean
PASS NavierStokes/ConstructedSlowBase.lean
PASS NavierStokes/CoordinateAlgebra.lean
PASS NavierStokes/CopyAngularInvariance.lean
PASS NavierStokes/CopySolveCompatibility.lean
PASS NavierStokes/CorrectedPressureBounds.lean
PASS NavierStokes/CorrectedPulseAmplitude.lean
PASS NavierStokes/CorrectionState.lean
PASS NavierStokes/Covariance.lean
PASS NavierStokes/CurlClassBounds.lean
PASS NavierStokes/CurlGeometry.lean
PASS NavierStokes/CurrentPhysicalChartJets.lean
PASS NavierStokes/CutStageEstimates.lean
PASS NavierStokes/CylindricalResidual.lean
PASS NavierStokes/DefectIncrementBounds.lean
PASS NavierStokes/DependentSignedPhysicalFamily.lean
PASS NavierStokes/DiagonalJetBounds.lean
PASS NavierStokes/DiagonalJetBoundsNoOptions.lean
PASS NavierStokes/DiagonalResidual.lean
PASS NavierStokes/DiagonalScale.lean
PASS NavierStokes/DiophantineGraph.lean
PASS NavierStokes/DirectAngularDiagonal.lean
PASS NavierStokes/EdgeWeightJets.lean
PASS NavierStokes/EndpointCoordinates.lean
PASS NavierStokes/EndpointExtension.lean
PASS NavierStokes/EndpointLimits.lean
PASS NavierStokes/EntranceAlignedBase.lean
PASS NavierStokes/ErrorHarmonics.lean
PASS NavierStokes/EvenSmoothDescent.lean
PASS NavierStokes/ExponentLedger.lean
PASS NavierStokes/ExponentialMomentMatrix.lean
PASS NavierStokes/ExtendedHeatDebts.lean
PASS NavierStokes/ExtendedHeatedOutgoing.lean
PASS NavierStokes/FinalSlowBase.lean
PASS NavierStokes/FiniteHeadClass.lean
PASS NavierStokes/FirstOrderBaseEdge.lean
PASS NavierStokes/FiveProfileMoments.lean
PASS NavierStokes/FiveRowRank.lean
PASS NavierStokes/FlatCovariance.lean
PASS NavierStokes/FlatCutoff.lean
PASS NavierStokes/FlatDyadicExtension.lean
PASS NavierStokes/FlatKernelBounds.lean
PASS NavierStokes/FlatPrimitive.lean
PASS NavierStokes/FlatPrimitiveFactor.lean
PASS NavierStokes/FlatPrimitivePaper.lean
PASS NavierStokes/FlatZeroExtension.lean
PASS NavierStokes/Flatness.lean
PASS NavierStokes/FourierAlias.lean
PASS NavierStokes/FuturePressureBounds.lean
PASS NavierStokes/GaugeAliasDecay.lean
PASS NavierStokes/GaugeDebtIncrement.lean
PASS NavierStokes/GaugeExcludedBounds.lean
PASS NavierStokes/GaugeMassPreservation.lean
PASS NavierStokes/GaugeMomentBalances.lean
PASS NavierStokes/GaugeRadialResidualBounds.lean
PASS NavierStokes/GaugeStateCoherence.lean
PASS NavierStokes/GaussianEnvelope.lean
PASS NavierStokes/GaussianTailFlat.lean
PASS NavierStokes/GenericDiagonalSchedule.lean
PASS NavierStokes/GenericDifferentialPolynomial.lean
PASS NavierStokes/GenericEndpointExtension.lean
PASS NavierStokes/GenericFactorSupport.lean
PASS NavierStokes/GenericJetRateAlgebra.lean
PASS NavierStokes/GenericRealization.lean
PASS NavierStokes/GenericRealizationBounds.lean
PASS NavierStokes/GenericSolenoidalRealization.lean
PASS NavierStokes/GenericSupportLocalCoefficients.lean
PASS NavierStokes/GenericSupportedPolynomial.lean
PASS NavierStokes/GermCandidateAssembly.lean
PASS NavierStokes/GlobalBaseError.lean
PASS NavierStokes/GlobalSlowProfiles.lean
PASS NavierStokes/GlobalStressSupport.lean
PASS NavierStokes/GraphCalculus.lean
PASS NavierStokes/GraphRestriction.lean
PASS NavierStokes/GrowingMode.lean
PASS NavierStokes/HarmonicCalculus.lean
PASS NavierStokes/HarmonicCovariance.lean
PASS NavierStokes/HarmonicFields.lean
PASS NavierStokes/HarmonicMeanInteraction.lean
PASS NavierStokes/HarmonicResidual.lean
PASS NavierStokes/HarmonicSourceSupport.lean
PASS NavierStokes/HarmonicStructurePreservation.lean
PASS NavierStokes/HarmonicWaveInteraction.lean
PASS NavierStokes/HeatProfileExtension.lean
PASS NavierStokes/HeatSwitchCone.lean
PASS NavierStokes/HeatSwitchHistoryDerivatives.lean
PASS NavierStokes/HeatTailEdit.lean
PASS NavierStokes/HeatTailHistoryLimits.lean
PASS NavierStokes/HeatedOutgoing.lean
PASS NavierStokes/HolomorphicFamily.lean
PASS NavierStokes/HolomorphicFamilyAnalytic.lean
PASS NavierStokes/InitializedPhysicalBackground.lean
PASS NavierStokes/IntegratedMeanBalances.lean
PASS NavierStokes/IntervalCopyTransport.lean
PASS NavierStokes/JetBounds.lean
PASS NavierStokes/JointODE.lean
PASS NavierStokes/JointResidualLimits.lean
PASS NavierStokes/LabelCounting.lean
PASS NavierStokes/LabelCountingFinite.lean
PASS NavierStokes/LabelSumBounds.lean
PASS NavierStokes/LabelSupportPreservation.lean
PASS NavierStokes/LeadingStress.lean
PASS NavierStokes/LeadingStressWeights.lean
PASS NavierStokes/LiftedMeanResidual.lean
PASS NavierStokes/LinearWaveBounds.lean
PASS NavierStokes/LinearWaveResidual.lean
PASS NavierStokes/LocalAngularDiagonal.lean
PASS NavierStokes/LocalAxisymmetricResidual.lean
PASS NavierStokes/LocalHeatExterior.lean
PASS NavierStokes/LocalHeatFormula.lean
PASS NavierStokes/LocalHeatPressure.lean
PASS NavierStokes/LocalJetBounds.lean
PASS NavierStokes/LocalPhysicalCopyBounds.lean
PASS NavierStokes/LocalRankDefect.lean
PASS NavierStokes/LocalResidualGrouping.lean
PASS NavierStokes/LocalScaleApproach.lean
PASS NavierStokes/LocalScaleGeometry.lean
PASS NavierStokes/LocalSignedRequest.lean
PASS NavierStokes/LocalizedCurlRealization.lean
PASS NavierStokes/LocalizedGaussianBounds.lean
PASS NavierStokes/LocalizedMeanInteraction.lean
PASS NavierStokes/LocalizedMomentRepair.lean
PASS NavierStokes/LocalizedWaveBounds.lean
PASS NavierStokes/LoopMoments.lean
PASS NavierStokes/LoopVariance.lean
PASS NavierStokes/MatchingConeBounds.lean
PASS NavierStokes/MatchingDebtBounds.lean
PASS NavierStokes/MaximalLifespan.lean
PASS NavierStokes/MeanBoundsReindex.lean
PASS NavierStokes/MeanChartCompatibility.lean
PASS NavierStokes/MeanIncrementBounds.lean
PASS NavierStokes/MeanLocalCoefficient.lean
PASS NavierStokes/MeanLocalDefectBounds.lean
PASS NavierStokes/MeanMomentBounds.lean
PASS NavierStokes/MeanRankUpdate.lean
PASS NavierStokes/MeanResidual.lean
PASS NavierStokes/MeanStageContinuation.lean
PASS NavierStokes/MeanStageRegularity.lean
PASS NavierStokes/MeanStateRegularity.lean
PASS NavierStokes/MixedAxisPreservation.lean
PASS NavierStokes/MixedCandidateAssembly.lean
PASS NavierStokes/MixedCandidateWitness.lean
PASS NavierStokes/MixedDiagonalExtensions.lean
PASS NavierStokes/MixedDiagonalResidual.lean
PASS NavierStokes/MixedDiagonalSchedule.lean
PASS NavierStokes/MixedFiniteBackground.lean
PASS NavierStokes/MixedPeriodicAssembly.lean
PASS NavierStokes/ModeSolenoidalReindex.lean
PASS NavierStokes/ModulatedCone.lean
PASS NavierStokes/ModulatedExterior.lean
PASS NavierStokes/ModulatedHistories.lean
PASS NavierStokes/ModulatedProfileAssembly.lean
PASS NavierStokes/ModulatedProfileJetRates.lean
PASS NavierStokes/ModulatedStockBounds.lean
PASS NavierStokes/MomentRepair.lean
PASS NavierStokes/MomentRepairPicard.lean
PASS NavierStokes/MomentRepairPicardConvergence.lean
PASS NavierStokes/MovingFrameODE.lean
PASS NavierStokes/MovingMomentBounds.lean
PASS NavierStokes/NativeBandExtension.lean
PASS NavierStokes/NativeCutoffJets.lean
PASS NavierStokes/NativePrincipalEquations.lean
PASS NavierStokes/NaturalAxisBridge.lean
PASS NavierStokes/NaturalAxisCoefficients.lean
PASS NavierStokes/NaturalAxisData.lean
PASS NavierStokes/NaturalAxisJointAnalytic.lean
PASS NavierStokes/NaturalAxisRange.lean
PASS NavierStokes/NaturalCoefficientBridge.lean
PASS NavierStokes/NaturalCore.lean
PASS NavierStokes/NaturalEntrance.lean
PASS NavierStokes/NaturalExitBounds.lean
PASS NavierStokes/NaturalExitParameterJets.lean
PASS NavierStokes/NaturalProfile.lean
PASS NavierStokes/NilpotentVolterra.lean
PASS NavierStokes/NominalConeAssembly.lean
PASS NavierStokes/NominalProfile.lean
PASS NavierStokes/NormalScaling.lean
PASS NavierStokes/OffplaneCorrectionExtensions.lean
PASS NavierStokes/OscillatoryCurl.lean
PASS NavierStokes/OutgoingCone.lean
PASS NavierStokes/OutgoingDilation.lean
PASS NavierStokes/OutgoingEntranceCone.lean
PASS NavierStokes/OutgoingHistories.lean
PASS NavierStokes/OutgoingNegativeSlopeCone.lean
PASS NavierStokes/OutgoingProfile.lean
PASS NavierStokes/OutgoingPulseBounds.lean
PASS NavierStokes/OutgoingSchedule.lean
PASS NavierStokes/OutgoingTail.lean
PASS NavierStokes/ParameterizedMomentRepair.lean
PASS NavierStokes/ParametricEvenDescent.lean
PASS NavierStokes/ParametricFlatFactor.lean
PASS NavierStokes/ParametricHeatTail.lean
PASS NavierStokes/ParametricKernelBounds.lean
PASS NavierStokes/ParametricModulation.lean
PASS NavierStokes/ParametricODE.lean
PASS NavierStokes/ParametricRadialExtension.lean
PASS NavierStokes/ParametricRephase.lean
PASS NavierStokes/ParametricTerminalCompensation.lean
PASS NavierStokes/ParametricTorusInverse.lean
PASS NavierStokes/ParticularCopyBounds.lean
PASS NavierStokes/ParticularOneSided.lean
PASS NavierStokes/ParticularWaveAssembly.lean
PASS NavierStokes/ParticularWaveBounds.lean
PASS NavierStokes/ParticularWithinBounds.lean
PASS NavierStokes/ParticularWithinPressure.lean
PASS NavierStokes/PartitionedCovariance.lean
PASS NavierStokes/PastExtension.lean
PASS NavierStokes/PeriodicIntegration.lean
PASS NavierStokes/PeriodicLocalization.lean
PASS NavierStokes/PeriodicPaperScalingSupport.lean
PASS NavierStokes/PeriodicPaperSupport.lean
PASS NavierStokes/PeriodicPhaseAssembly.lean
PASS NavierStokes/PeriodicResidualLimits.lean
PASS NavierStokes/PeriodicSobolev.lean
PASS NavierStokes/PeriodicUniqueness.lean
PASS NavierStokes/PeriodicViscosity.lean
PASS NavierStokes/PeriodicViscosityUniqueness.lean
PASS NavierStokes/PeriodizeLatticeCover.lean
PASS NavierStokes/PeriodizePDE.lean
PASS NavierStokes/PeriodizedWaveBounds.lean
PASS NavierStokes/PhaseCalculus.lean
PASS NavierStokes/PhaseEstimates.lean
PASS NavierStokes/PhaseJetBounds.lean
PASS NavierStokes/PhysicalClassBounds.lean
PASS NavierStokes/PhysicalCoordinateBounds.lean
PASS NavierStokes/PhysicalCopyBounds.lean
PASS NavierStokes/PhysicalCurlCovariance.lean
PASS NavierStokes/PhysicalGraphBounds.lean
PASS NavierStokes/PhysicalHeatCoordinates.lean
PASS NavierStokes/PhysicalMeanDomain.lean
PASS NavierStokes/PhysicalMeanJetBounds.lean
PASS NavierStokes/PhysicalParticularWave.lean
PASS NavierStokes/PhysicalResidualBridge.lean
PASS NavierStokes/PhysicalResidualJetBounds.lean
PASS NavierStokes/PhysicalResidualNaturality.lean
PASS NavierStokes/PhysicalResidualTZ.lean
PASS NavierStokes/PhysicalSignedWave.lean
PASS NavierStokes/PhysicalStageBounds.lean
PASS NavierStokes/PhysicalWaveSum.lean
PASS NavierStokes/PolarCharts.lean
PASS NavierStokes/PositiveAxisDifferential.lean
PASS NavierStokes/PositiveAxisExistence.lean
PASS NavierStokes/PositiveAxisSystem.lean
PASS NavierStokes/PositiveOrderMoments.lean
PASS NavierStokes/PositiveRepresentatives.lean
PASS NavierStokes/PositiveTimeCopyFamily.lean
PASS NavierStokes/PowerMomentMatrix.lean
PASS NavierStokes/PreparedOutgoing.lean
PASS NavierStokes/PressureDatum.lean
PASS NavierStokes/PressureStream.lean
PASS NavierStokes/PrimaryCopyBounds.lean
PASS NavierStokes/PrimaryCopyBridge.lean
PASS NavierStokes/PrimaryCovarianceBounds.lean
PASS NavierStokes/PrimaryFieldAssembly.lean
PASS NavierStokes/PrimaryGeometryAssembly.lean
PASS NavierStokes/PrimaryMaterialDefect.lean
PASS NavierStokes/PrimaryODE.lean
PASS NavierStokes/PrimaryPulseBounds.lean
PASS NavierStokes/PrimaryRepresentatives.lean
PASS NavierStokes/PrimaryResidualClass.lean
PASS NavierStokes/PrimaryTargetBounds.lean
PASS NavierStokes/ProblemStatement.lean
PASS NavierStokes/ProfileHistories.lean
PASS NavierStokes/ProfileSpectralCone.lean
PASS NavierStokes/PulseAmplitude.lean
PASS NavierStokes/PulseCone.lean
PASS NavierStokes/PulseCovariance.lean
PASS NavierStokes/PulseEnergyHistory.lean
PASS NavierStokes/PulseGrowth.lean
PASS NavierStokes/PulseLag.lean
PASS NavierStokes/QuadraticLinearization.lean
PASS NavierStokes/R3/ActualPressureFlux.lean
PASS NavierStokes/R3/CandidateBreakdown.lean
PASS NavierStokes/R3/CompactComparisonBounds.lean
PASS NavierStokes/R3/CompactEnergy.lean
PASS NavierStokes/R3/CompactForceBound.lean
PASS NavierStokes/R3/CompactSchwartz.lean
PASS NavierStokes/R3/CompactTimeIntegral.lean
PASS NavierStokes/R3/ComparatorBridge.lean
PASS NavierStokes/R3/ComparisonCutoffs.lean
PASS NavierStokes/R3/ComparisonFiniteEnergy.lean
PASS NavierStokes/R3/ComparisonFourierSetup.lean
PASS NavierStokes/R3/ComparisonGronwall.lean
PASS NavierStokes/R3/ComparisonRateBound.lean
PASS NavierStokes/R3/ComparisonSetup.lean
PASS NavierStokes/R3/ComparisonTimeAverages.lean
PASS NavierStokes/R3/ComparisonYoung.lean
PASS NavierStokes/R3/ConservativeDifference.lean
PASS NavierStokes/R3/DelayedExtension.lean
PASS NavierStokes/R3/ForceL2Norm.lean
PASS NavierStokes/R3/FourierConvolution.lean
PASS NavierStokes/R3/FourierSobolevWeights.lean
PASS NavierStokes/R3/FourierTestDerivatives.lean
PASS NavierStokes/R3/GaussianMoments.lean
PASS NavierStokes/R3/GradientOperator.lean
PASS NavierStokes/R3/H3Approximation.lean
PASS NavierStokes/R3/H3Blowup.lean
PASS NavierStokes/R3/H3BoxIntegral.lean
PASS NavierStokes/R3/H3CandidateStrong.lean
PASS NavierStokes/R3/H3CandidateUniqueness.lean
PASS NavierStokes/R3/H3CompactCurve.lean
PASS NavierStokes/R3/H3CompactHelpers.lean
PASS NavierStokes/R3/H3Comparison.lean
PASS NavierStokes/R3/H3Continuity.lean
PASS NavierStokes/R3/H3Curve.lean
PASS NavierStokes/R3/H3Definitions.lean
PASS NavierStokes/R3/H3DivCurlFourier.lean
PASS NavierStokes/R3/H3Embedding.lean
PASS NavierStokes/R3/H3Energy.lean
PASS NavierStokes/R3/H3Operations.lean
PASS NavierStokes/R3/H3PressureDistribution.lean
PASS NavierStokes/R3/H3PressureOrthogonality.lean
PASS NavierStokes/R3/H3Products.lean
PASS NavierStokes/R3/H3StrongSolution.lean
PASS NavierStokes/R3/H3Transport.lean
PASS NavierStokes/R3/H3UniformApproximation.lean
PASS NavierStokes/R3/H3WeakEmbedding.lean
PASS NavierStokes/R3/H3WeakStrong.lean
PASS NavierStokes/R3/HarmonicTestFunctionals.lean
PASS NavierStokes/R3/HeatKernel.lean
PASS NavierStokes/R3/HeatKernelCancellation.lean
PASS NavierStokes/R3/HeatKernelCommutator.lean
PASS NavierStokes/R3/HeatKernelFourier.lean
PASS NavierStokes/R3/HeatKernelFubini.lean
PASS NavierStokes/R3/HeatKernelPairedBound.lean
PASS NavierStokes/R3/HeatKernelTimeBound.lean
PASS NavierStokes/R3/HilbertFunctionalExtension.lean
PASS NavierStokes/R3/IntegratedDissipation.lean
PASS NavierStokes/R3/L2TimeDerivative.lean
PASS NavierStokes/R3/LocalizedDifferenceEnergy.lean
PASS NavierStokes/R3/LocalizedFluxEstimates.lean
PASS NavierStokes/R3/LocalizedLaplacian.lean
PASS NavierStokes/R3/LocalizedTensorBounds.lean
PASS NavierStokes/R3/LocalizedTransport.lean
PASS NavierStokes/R3/LpNormTools.lean
PASS NavierStokes/R3/PairedKernelBound.lean
PASS NavierStokes/R3/ParabolicCalculus.lean
PASS NavierStokes/R3/ParabolicDefinitions.lean
PASS NavierStokes/R3/ParabolicEnergy.lean
PASS NavierStokes/R3/ParabolicScaling.lean
PASS NavierStokes/R3/ParabolicSupport.lean
PASS NavierStokes/R3/PositiveTimeForce.lean
PASS NavierStokes/R3/PressureFlux.lean
PASS NavierStokes/R3/PressureFluxIdentity.lean
PASS NavierStokes/R3/PressureFluxTest.lean
PASS NavierStokes/R3/PressureFunctionals.lean
PASS NavierStokes/R3/PressureRecovery.lean
PASS NavierStokes/R3/PressureRecoveryHelpers.lean
PASS NavierStokes/R3/PressureTemporalIdentity.lean
PASS NavierStokes/R3/PressureTestBounds.lean
PASS NavierStokes/R3/ProblemStatement.lean
PASS NavierStokes/R3/RadialKernelBounds.lean
PASS NavierStokes/R3/RieszHeatRepresentation.lean
PASS NavierStokes/R3/RieszL2Bounds.lean
PASS NavierStokes/R3/RieszLinearityDecay.lean
PASS NavierStokes/R3/RieszPairing.lean
PASS NavierStokes/R3/RieszSymbolRegularity.lean
PASS NavierStokes/R3/RieszTestOperators.lean
PASS NavierStokes/R3/ScalarEnergyBound.lean
PASS NavierStokes/R3/SchwartzCompactApproximation.lean
PASS NavierStokes/R3/SchwartzParseval.lean
PASS NavierStokes/R3/SharpEnergyBound.lean
PASS NavierStokes/R3/SmoothSobolevL6.lean
PASS NavierStokes/R3/SpatialCauchySchwarz.lean
PASS NavierStokes/R3/SpatialEnergyScaling.lean
PASS NavierStokes/R3/SpatialSupportScaling.lean
PASS NavierStokes/R3/TemporalTestUniqueness.lean
PASS NavierStokes/R3/ViscosityScaling.lean
PASS NavierStokes/R3/ViscousEnergyBalance.lean
PASS NavierStokes/R3/ViscousUniqueness.lean
PASS NavierStokes/R3/WeakFourierUniqueness.lean
PASS NavierStokes/R3/WeakTimeContinuity.lean
PASS NavierStokes/R3/WeightedInterpolation.lean
PASS NavierStokes/R3/WeightedSobolev.lean
PASS NavierStokes/R3/WholeSpaceComparisonClosure.lean
PASS NavierStokes/R3/WholeSpaceEnergyLimit.lean
PASS NavierStokes/R3/WholeSpaceUniqueness.lean
PASS NavierStokes/R3AbsorbedBoundary.lean
PASS NavierStokes/R3CompactCandidate.lean
PASS NavierStokes/R3CompactEnergy.lean
PASS NavierStokes/R3CompactIntegration.lean
PASS NavierStokes/R3CompactParametricIntegral.lean
PASS NavierStokes/R3ConvolutionYoung.lean
PASS NavierStokes/R3CutoffSobolev.lean
PASS NavierStokes/R3CutoffTestFields.lean
PASS NavierStokes/R3DifferenceStress.lean
PASS NavierStokes/R3EnergyAbsorption.lean
PASS NavierStokes/R3EnergyBoundary.lean
PASS NavierStokes/R3EnergyNorms.lean
PASS NavierStokes/R3FiniteEnergyComparison.lean
PASS NavierStokes/R3GaussianPressure.lean
PASS NavierStokes/R3HarmonicPressure.lean
PASS NavierStokes/R3LocalEnergyEvolution.lean
PASS NavierStokes/R3LocalizedEnergyLimit.lean
PASS NavierStokes/R3LocalizedPressure.lean
PASS NavierStokes/R3LocalizedPressureTests.lean
PASS NavierStokes/R3PhysicalPressureBound.lean
PASS NavierStokes/R3PositiveTests.lean
PASS NavierStokes/R3PressureCommutator.lean
PASS NavierStokes/R3PressureCutoff.lean
PASS NavierStokes/R3PressureFlux.lean
PASS NavierStokes/R3PressureFourier.lean
PASS NavierStokes/R3PressureKernel.lean
PASS NavierStokes/R3PressureNearKernel.lean
PASS NavierStokes/R3PressurePairing.lean
PASS NavierStokes/R3RieszApproximation.lean
PASS NavierStokes/R3RieszKernel.lean
PASS NavierStokes/R3SmoothPressure.lean
PASS NavierStokes/R3SpaceTime.lean
PASS NavierStokes/R3SpaceTimeApproximation.lean
PASS NavierStokes/R3SpaceTimeCalculus.lean
PASS NavierStokes/R3SpaceTimeHarmonic.lean
PASS NavierStokes/R3SpaceTimePressure.lean
PASS NavierStokes/R3SpatialConvolution.lean
PASS NavierStokes/R3StressPressureEstimate.lean
PASS NavierStokes/R3TimeLocalization.lean
PASS NavierStokes/R3UniformBounds.lean
PASS NavierStokes/R3WeakPressure.lean
PASS NavierStokes/R3WeightedLp.lean
PASS NavierStokes/RadialAlias.lean
PASS NavierStokes/RadialFluxResidual.lean
PASS NavierStokes/RadialHeatProfile.lean
PASS NavierStokes/RadialModulation.lean
PASS NavierStokes/RadialPrimitive.lean
PASS NavierStokes/RadialPullback.lean
PASS NavierStokes/RadialSchedule.lean
PASS NavierStokes/RankStateBounds.lean
PASS NavierStokes/RankStateCoherence.lean
PASS NavierStokes/ReferenceBounds.lean
PASS NavierStokes/ReferenceEndpointRate.lean
PASS NavierStokes/ReferenceJetBounds.lean
PASS NavierStokes/ReferencePath.lean
PASS NavierStokes/ReferenceUniformJets.lean
PASS NavierStokes/ReferenceUniformStocks.lean
PASS NavierStokes/RegularSingularIntegral.lean
PASS NavierStokes/ReleaseMoments.lean
PASS NavierStokes/RenormalizedHeatMoment.lean
PASS NavierStokes/RepairConeBounds.lean
PASS NavierStokes/ReservedPatches.lean
PASS NavierStokes/ResetEnergyBounds.lean
PASS NavierStokes/ResidualCalculus.lean
PASS NavierStokes/ResidualPolarGraph.lean
PASS NavierStokes/ResidualRegularity.lean
PASS NavierStokes/ResidualStability.lean
PASS NavierStokes/ScalarParticularSupport.lean
PASS NavierStokes/ScaledActualParticularControl.lean
PASS NavierStokes/ScaledParticularFrameJets.lean
PASS NavierStokes/ScaledTangentTransport.lean
PASS NavierStokes/Scaling.lean
PASS NavierStokes/SchedulePressure.lean
PASS NavierStokes/ScheduledProfileChoice.lean
PASS NavierStokes/SchwartzCompactApproximation.lean
PASS NavierStokes/SeedConePaper.lean
PASS NavierStokes/SeedHandbackJets.lean
PASS NavierStokes/ShapeTransition.lean
PASS NavierStokes/ShapedWaitBounds.lean
PASS NavierStokes/SharpCommonGraphJets.lean
PASS NavierStokes/SharpGeometricModeJets.lean
PASS NavierStokes/SharpGraphBounds.lean
PASS NavierStokes/SharpLogWeights.lean
PASS NavierStokes/SharpPhaseJetAlgebra.lean
PASS NavierStokes/SharpPhysicalCarrier.lean
PASS NavierStokes/SharpPhysicalCopyBounds.lean
PASS NavierStokes/SharpPhysicalLogBounds.lean
PASS NavierStokes/SharpPhysicalLoss.lean
PASS NavierStokes/SharpPhysicalPhase.lean
PASS NavierStokes/SharpWaveStageBounds.lean
PASS NavierStokes/SignedCopyBounds.lean
PASS NavierStokes/SignedCovariance.lean
PASS NavierStokes/SignedCrossDefectClass.lean
PASS NavierStokes/SignedMeanGain.lean
PASS NavierStokes/SignedPhysicalSumCalculus.lean
PASS NavierStokes/SignedRequestContinuation.lean
PASS NavierStokes/SignedStressPrimitive.lean
PASS NavierStokes/SignedWaveUpdate.lean
PASS NavierStokes/SimilarityApproach.lean
PASS NavierStokes/SimilarityCoordinates.lean
PASS NavierStokes/SimilarityHomogeneity.lean
PASS NavierStokes/SimilarityProfile.lean
PASS NavierStokes/SlotColoring.lean
PASS NavierStokes/SlotGeometry.lean
PASS NavierStokes/SlowBaseEndpoint.lean
PASS NavierStokes/SlowBorelBase.lean
PASS NavierStokes/SlowDivergence.lean
PASS NavierStokes/SlowExpansionResidual.lean
PASS NavierStokes/SlowFirstOrderEdge.lean
PASS NavierStokes/SlowRecursion.lean
PASS NavierStokes/SlowResidualMatching.lean
PASS NavierStokes/SlowStressSupport.lean
PASS NavierStokes/SmoothCovariance.lean
PASS NavierStokes/SmoothCutoffs.lean
PASS NavierStokes/SmoothExponentialMomentMatrix.lean
PASS NavierStokes/SmoothFamilyTorusInverse.lean
PASS NavierStokes/SmoothFourierData.lean
PASS NavierStokes/SmoothLoop.lean
PASS NavierStokes/SmoothMomentRepair.lean
PASS NavierStokes/SmoothParameterIntegral.lean
PASS NavierStokes/SmoothPathFamily.lean
PASS NavierStokes/SmoothPowerMomentMatrix.lean
PASS NavierStokes/SmoothQuadraticBranch.lean
PASS NavierStokes/SolenoidalDiagonal.lean
PASS NavierStokes/SpacetimeEndpoint.lean
PASS NavierStokes/SpacetimeGluing.lean
PASS NavierStokes/SpatialBorelExtension.lean
PASS NavierStokes/SpatialCurl.lean
PASS NavierStokes/SpatialLocalization.lean
PASS NavierStokes/SquaredPartition.lean
PASS NavierStokes/StateMomentBalances.lean
PASS NavierStokes/StateReindex.lean
PASS NavierStokes/StressActivation.lean
PASS NavierStokes/StressAlgebra.lean
PASS NavierStokes/SubcoverPeriodicity.lean
PASS NavierStokes/SupportedActualContext.lean
PASS NavierStokes/SupportedParameterExtension.lean
PASS NavierStokes/TailCone.lean
PASS NavierStokes/TailEnergyBounds.lean
PASS NavierStokes/TailGaugePotential.lean
PASS NavierStokes/TangentODE.lean
PASS NavierStokes/TangentProjection.lean
PASS NavierStokes/TemporalMeanUpdate.lean
PASS NavierStokes/TemporalStateCoherence.lean
PASS NavierStokes/TerminalCompensation.lean
PASS NavierStokes/TerminalCone.lean
PASS NavierStokes/TerminalEdgeFactor.lean
PASS NavierStokes/TerminalEdgePaper.lean
PASS NavierStokes/TerminalHistoryBridge.lean
PASS NavierStokes/TerminalPressure.lean
PASS NavierStokes/TerminalStress.lean
PASS NavierStokes/TimeLocalization.lean
PASS NavierStokes/TorusAverages.lean
PASS NavierStokes/TorusCoverDegree.lean
PASS NavierStokes/TorusCoverLattice.lean
PASS NavierStokes/TorusInverse.lean
PASS NavierStokes/TorusMeanRequestRebase.lean
PASS NavierStokes/TransitionRamp.lean
PASS NavierStokes/TransportPrimitive.lean
PASS NavierStokes/TrueConeLoop.lean
PASS NavierStokes/TrueConeLoopPaper.lean
PASS NavierStokes/UniformAngularReset.lean
PASS NavierStokes/UniformBlockBounds.lean
PASS NavierStokes/UniformCone.lean
PASS NavierStokes/UniformFourierAlias.lean
PASS NavierStokes/UniformHarmonicInteraction.lean
PASS NavierStokes/UniformPrimaryWeights.lean
PASS NavierStokes/UniformQuadraticBranch.lean
PASS NavierStokes/ValidBandGluing.lean
PASS NavierStokes/ValidDyadicBandCover.lean
PASS NavierStokes/VariableGaugeMean.lean
PASS NavierStokes/ViscousPropagator.lean
PASS NavierStokes/VolterraAnalyticBounds.lean
PASS NavierStokes/VolterraParity.lean
PASS NavierStokes/VolterraRegularity.lean
PASS NavierStokes/WaveDataReindex.lean
PASS NavierStokes/WaveEdgeExtension.lean
PASS NavierStokes/WaveEnvelopeTransport.lean
PASS NavierStokes/WaveInteractionBounds.lean
PASS NavierStokes/WaveStageContinuation.lean
PASS NavierStokes/WaveStateRegularity.lean
PASS NavierStokes/WeightedClasses.lean
PASS NavierStokes/WeightedODEJets.lean
PASS NavierStokes/WeightedQuotients.lean
PASS NavierStokes/WeightedRadialPrimitive.lean
PASS NavierStokes/WholeDomainBaseBounds.lean
PASS NavierStokes/WholeDomainCompactBounds.lean
PASS NavierStokes/WholeDomainHeatBounds.lean
PASS NavierStokes/WholeDomainHeatCompact.lean
PASS NavierStokes/WholeDomainHeatGeometry.lean
PASS NavierStokes/WholeDomainHeatScaling.lean
PASS NavierStokes/WholeDomainPhysicalCompact.lean
PASS NavierStokes/WholeDomainPrefixBounds.lean
PASS NavierStokes/WithinJointODE.lean
PASS NavierStokes/WithinPathFamily.lean
PASS NavierStokes/ZerothStressIdentity.lean
=== TOTAL pass=662 fail=0 Fri Sep 18 21:16:37 UTC 2026 ===
